2020-06-26 18:00:51,651:INFO:[('Honda', 'Civic', 2009, '2313213', 'Benzina', 1800, 2), ('Mazda', 'Rx', 2000, '30293', 'Motorina', 1800, 3), ('BMW', 'x5', 2015, '321323', 'Benzina', 321323, 4), ('Dacia', 'Logan', 2010, '24212', 'Benzina', 1200, 5)]
2020-06-26 18:04:24,293:INFO:[('Honda', 'Civic', 2009, '2313213', 'Benzina', 1800, 2), ('Mazda', 'Rx', 2000, '30293', 'Motorina', 1800, 3), ('BMW', 'x5', 2015, '321323', 'Benzina', 321323, 4), ('Dacia', 'Logan', 2010, '24212', 'Benzina', 1200, 5), ('', '', '', '', '', '', 6), ('Dacia', 'Duster', 2005, '32133', '', 1000, 7)]
2020-06-26 18:04:46,737:INFO:[('Honda', 'Civic', 2009, '2313213', 'Benzina', 1800, 2), ('Mazda', 'Rx', 2000, '30293', 'Motorina', 1800, 3), ('BMW', 'x5', 2015, '321323', 'Benzina', 321323, 4), ('Dacia', 'Logan', 2010, '24212', 'Benzina', 1200, 5), ('', '', '', '', '', '', 6), ('Dacia', 'Duster', 2005, '32133', '', 1000, 7), ('', '', '', '', '', '', 8)]
2020-06-26 18:59:37,757:INFO:[('Honda', 'Civic', 2009, '2313213', 'Benzina', 1800, 2), ('Mazda', 'Rx', 2000, '30293', 'Motorina', 1800, 3), ('BMW', 'x5', 2015, '321323', 'Benzina', 321323, 4), ('Dacia', 'Logan', 2010, '24212', 'Benzina', 1200, 5), ('Dacia', 'Duster', 2005, '32133', '', 1000, 7)]
2020-06-26 18:59:43,627:INFO:[('Honda', 'Civic', 2009, '2313213', 'Benzina', 1800, 2), ('Mazda', 'Rx', 2000, '30293', 'Motorina', 1800, 3), ('BMW', 'x5', 2015, '321323', 'Benzina', 321323, 4), ('Dacia', 'Logan', 2010, '24212', 'Benzina', 1200, 5), ('Dacia', 'Duster', 2005, '32133', '', 1000, 7)]
2020-06-26 19:32:52,250:INFO:[('Honda', 'Civic', 2009, '2313213', 'Benzina', 1800, 2), ('Mazda', 'Rx', 2000, '30293', 'Motorina', 1800, 3), ('BMW', 'x5', 2015, '321323', 'Benzina', 321323, 4), ('Dacia', 'Logan', 2010, '24212', 'Benzina', 1200, 5), ('Dacia', 'Duster', 2005, '32133', '', 1000, 7)]
2020-06-26 19:45:51,397:INFO:[('Honda', 'Civic', 2009, '2313213', 'Benzina', 1800, 2), ('Mazda', 'Rx', 2000, '30293', 'Motorina', 1800, 3), ('BMW', 'x5', 2015, '321323', 'Benzina', 321323, 4), ('Dacia', 'Logan', 2010, '24212', 'Benzina', 1200, 5), ('Dacia', 'Duster', 2005, '32133', '', 1000, 7)]
2020-06-26 19:45:52,159:INFO:[('Honda', 'Civic', 2009, '2313213', 'Benzina', 1800, 2), ('Mazda', 'Rx', 2000, '30293', 'Motorina', 1800, 3), ('BMW', 'x5', 2015, '321323', 'Benzina', 321323, 4), ('Dacia', 'Logan', 2010, '24212', 'Benzina', 1200, 5), ('Dacia', 'Duster', 2005, '32133', '', 1000, 7)]
2020-06-26 20:16:56,600:INFO:[('Honda', 'Civic', 2009, '2313213', 'Benzina', 1800, 2), ('Mazda', 'Rx', 2000, '30293', 'Motorina', 1800, 3), ('BMW', 'x5', 2015, '321323', 'Benzina', 321323, 4), ('Dacia', 'Logan', 2010, '24212', 'Benzina', 1200, 5), ('Dacia', 'Duster', 2005, '32133', '', 1000, 7)]
2020-06-26 20:17:50,145:INFO:[('Honda', 'Civic', 2009, '2313213', 'Benzina', 1800, 2), ('Mazda', 'Rx', 2000, '30293', 'Motorina', 1800, 3), ('BMW', 'x5', 2015, '321323', 'Benzina', 321323, 4), ('Dacia', 'Logan', 2010, '24212', 'Benzina', 1200, 5), ('Dacia', 'Duster', 2005, '32133', '', 1000, 7), ('Audi', 'A4', 2010, '20001', 'Benzina', 2000, 8)]
2020-06-26 20:17:50,696:INFO:[('Honda', 'Civic', 2009, '2313213', 'Benzina', 1800, 2), ('Mazda', 'Rx', 2000, '30293', 'Motorina', 1800, 3), ('BMW', 'x5', 2015, '321323', 'Benzina', 321323, 4), ('Dacia', 'Logan', 2010, '24212', 'Benzina', 1200, 5), ('Dacia', 'Duster', 2005, '32133', '', 1000, 7), ('Audi', 'A4', 2010, '20001', 'Benzina', 2000, 8)]
2020-06-26 20:18:11,978:INFO:[('Honda', 'Civic', 2009, '2313213', 'Benzina', 1800, 2), ('Mazda', 'Rx', 2000, '30293', 'Motorina', 1800, 3), ('BMW', 'x5', 2015, '321323', 'Benzina', 321323, 4), ('Dacia', 'Logan', 2010, '24212', 'Benzina', 1200, 5), ('Dacia', 'Duster', 2005, '32133', '', 1000, 7), ('Audi', 'A4', 2010, '20001', 'Benzina', 2000, 8)]
2020-06-26 20:18:12,838:INFO:[('Honda', 'Civic', 2009, '2313213', 'Benzina', 1800, 2), ('Mazda', 'Rx', 2000, '30293', 'Motorina', 1800, 3), ('BMW', 'x5', 2015, '321323', 'Benzina', 321323, 4), ('Dacia', 'Logan', 2010, '24212', 'Benzina', 1200, 5), ('Dacia', 'Duster', 2005, '32133', '', 1000, 7), ('Audi', 'A4', 2010, '20001', 'Benzina', 2000, 8)]
2020-06-26 20:20:48,658:INFO:[('Honda', 'Civic', 2009, '2313213', 'Benzina', 1800, 2), ('Mazda', 'Rx', 2000, '30293', 'Motorina', 1800, 3), ('BMW', 'x5', 2015, '321323', 'Benzina', 321323, 4), ('Dacia', 'Logan', 2010, '24212', 'Benzina', 1200, 5), ('Dacia', 'Duster', 2005, '32133', '', 1000, 7), ('Audi', 'A4', 2010, '20001', 'Benzina', 2000, 8)]
2020-06-26 20:21:13,144:INFO:[('Honda', 'Civic', 2009, '2313213', 'Benzina', 1800, 2), ('Mazda', 'Rx', 2000, '30293', 'Motorina', 1800, 3), ('BMW', 'x5', 2015, '321323', 'Benzina', 321323, 4), ('Dacia', 'Logan', 2010, '24212', 'Benzina', 1200, 5), ('Dacia', 'Duster', 2005, '32133', '', 1000, 7), ('Audi', 'A4', 2010, '20001', 'Benzina', 2000, 8)]
2020-06-26 20:23:52,197:INFO:[('Honda', 'Civic', 2009, '2313213', 'Benzina', 1800, 2), ('Mazda', 'Rx', 2000, '30293', 'Motorina', 1800, 3), ('BMW', 'x5', 2015, '321323', 'Benzina', 321323, 4), ('Dacia', 'Logan', 2010, '24212', 'Benzina', 1200, 5), ('Dacia', 'Duster', 2005, '32133', '', 1000, 7), ('Audi', 'A4', 2010, '20001', 'Benzina', 2000, 8)]
2020-06-26 20:24:09,278:INFO:[('Honda', 'Civic', 2009, '2313213', 'Benzina', 1800, 2), ('Mazda', 'Rx', 2000, '30293', 'Motorina', 1800, 3), ('BMW', 'x5', 2015, '321323', 'Benzina', 321323, 4), ('Dacia', 'Logan', 2010, '24212', 'Benzina', 1200, 5), ('Dacia', 'Duster', 2005, '32133', '', 1000, 7), ('Audi', 'A4', 2010, '20001', 'Benzina', 2000, 8)]
2020-06-26 20:34:30,942:INFO:[('Honda', 'Civic', 2009, '2313213', 'Benzina', 1800, 2), ('Mazda', 'Rx', 2000, '30293', 'Motorina', 1800, 3), ('BMW', 'x5', 2015, '321323', 'Benzina', 321323, 4), ('Dacia', 'Logan', 2010, '24212', 'Benzina', 1200, 5), ('Dacia', 'Duster', 2005, '32133', '', 1000, 7), ('Audi', 'A4', 2010, '20001', 'Benzina', 2000, 8)]
2020-06-26 20:34:32,632:INFO:[('Honda', 'Civic', 2009, '2313213', 'Benzina', 1800, 2), ('Mazda', 'Rx', 2000, '30293', 'Motorina', 1800, 3), ('BMW', 'x5', 2015, '321323', 'Benzina', 321323, 4), ('Dacia', 'Logan', 2010, '24212', 'Benzina', 1200, 5), ('Dacia', 'Duster', 2005, '32133', '', 1000, 7), ('Audi', 'A4', 2010, '20001', 'Benzina', 2000, 8)]
